Component: ARM Compiler 5.06 (build 20) Tool: armlink [4d35a3]

==============================================================================

Section Cross References

    main.o(i.ADC_IRQHandler) refers to main.o(i.battery_level_in_percent) for battery_level_in_percent
    main.o(i.ADC_IRQHandler) refers to ble_bas.o(i.ble_bas_battery_level_update) for ble_bas_battery_level_update
    main.o(i.ADC_IRQHandler) refers to app_error.o(i.app_error_handler) for app_error_handler
    main.o(i.ADC_IRQHandler) refers to main.o(.bss) for .bss
    main.o(i.adc_configure) refers to nrf_adc.o(i.nrf_adc_configure) for nrf_adc_configure
    main.o(i.adc_configure) refers to main.o(.constdata) for .constdata
    main.o(i.advertising_init) refers to memseta.o(.text) for __aeabi_memclr4
    main.o(i.advertising_init) refers to ble_advdata.o(i.ble_advdata_set) for ble_advdata_set
    main.o(i.advertising_init) refers to app_error.o(i.app_error_handler) for app_error_handler
    main.o(i.advertising_init) refers to main.o(.constdata) for .constdata
    main.o(i.advertising_init) refers to main.o(.data) for .data
    main.o(i.advertising_start) refers to pstorage.o(i.pstorage_access_status_get) for pstorage_access_status_get
    main.o(i.advertising_start) refers to app_error.o(i.app_error_handler) for app_error_handler
    main.o(i.advertising_start) refers to memseta.o(.text) for __aeabi_memclr4
    main.o(i.advertising_start) refers to device_manager_peripheral.o(i.dm_whitelist_create) for dm_whitelist_create
    main.o(i.advertising_start) refers to main.o(i.advertising_init) for advertising_init
    main.o(i.advertising_start) refers to bsp.o(i.bsp_indication_set) for bsp_indication_set
    main.o(i.advertising_start) refers to main.o(.data) for .data
    main.o(i.alert_signal) refers to app_error.o(i.app_error_handler) for app_error_handler
    main.o(i.alert_signal) refers to bsp.o(i.bsp_indication_set) for bsp_indication_set
    main.o(i.assert_nrf_callback) refers to app_error.o(i.app_error_handler) for app_error_handler
    main.o(i.bas_init) refers to memseta.o(.text) for __aeabi_memclr4
    main.o(i.bas_init) refers to ble_bas.o(i.ble_bas_init) for ble_bas_init
    main.o(i.bas_init) refers to app_error.o(i.app_error_handler) for app_error_handler
    main.o(i.bas_init) refers to main.o(i.on_bas_evt) for on_bas_evt
    main.o(i.bas_init) refers to main.o(.bss) for .bss
    main.o(i.battery_level_in_percent) refers to idiv.o(.text) for __aeabi_idivmod
    main.o(i.ble_evt_dispatch) refers to device_manager_peripheral.o(i.dm_ble_evt_handler) for dm_ble_evt_handler
    main.o(i.ble_evt_dispatch) refers to ble_conn_params.o(i.ble_conn_params_on_ble_evt) for ble_conn_params_on_ble_evt
    main.o(i.ble_evt_dispatch) refers to ble_ias.o(i.ble_ias_on_ble_evt) for ble_ias_on_ble_evt
    main.o(i.ble_evt_dispatch) refers to ble_lls.o(i.ble_lls_on_ble_evt) for ble_lls_on_ble_evt
    main.o(i.ble_evt_dispatch) refers to ble_bas.o(i.ble_bas_on_ble_evt) for ble_bas_on_ble_evt
    main.o(i.ble_evt_dispatch) refers to ble_ias_c.o(i.ble_ias_c_on_ble_evt) for ble_ias_c_on_ble_evt
    main.o(i.ble_evt_dispatch) refers to ble_tps.o(i.ble_tps_on_ble_evt) for ble_tps_on_ble_evt
    main.o(i.ble_evt_dispatch) refers to bsp_btn_ble.o(i.bsp_btn_ble_on_ble_evt) for bsp_btn_ble_on_ble_evt
    main.o(i.ble_evt_dispatch) refers to main.o(i.on_ble_evt) for on_ble_evt
    main.o(i.ble_evt_dispatch) refers to main.o(.bss) for .bss
    main.o(i.ble_stack_init) refers to softdevice_handler.o(i.softdevice_handler_init) for softdevice_handler_init
    main.o(i.ble_stack_init) refers to app_error.o(i.app_error_handler) for app_error_handler
    main.o(i.ble_stack_init) refers to softdevice_handler.o(i.softdevice_ble_evt_handler_set) for softdevice_ble_evt_handler_set
    main.o(i.ble_stack_init) refers to softdevice_handler.o(i.softdevice_sys_evt_handler_set) for softdevice_sys_evt_handler_set
    main.o(i.ble_stack_init) refers to main.o(.bss) for .bss
    main.o(i.ble_stack_init) refers to main.o(i.ble_evt_dispatch) for ble_evt_dispatch
    main.o(i.ble_stack_init) refers to main.o(i.sys_evt_dispatch) for sys_evt_dispatch
    main.o(i.bsp_event_handler) refers to bsp.o(i.bsp_indication_set) for bsp_indication_set
    main.o(i.bsp_event_handler) refers to main.o(i.sleep_mode_enter) for sleep_mode_enter
    main.o(i.bsp_event_handler) refers to ble_ias_c.o(i.ble_ias_c_send_alert_level) for ble_ias_c_send_alert_level
    main.o(i.bsp_event_handler) refers to app_error.o(i.app_error_handler) for app_error_handler
    main.o(i.bsp_event_handler) refers to main.o(.data) for .data
    main.o(i.bsp_event_handler) refers to main.o(.bss) for .bss
    main.o(i.conn_params_error_handler) refers to app_error.o(i.app_error_handler) for app_error_handler
    main.o(i.device_manager_evt_handler) refers to app_error.o(i.app_error_handler) for app_error_handler
    main.o(i.device_manager_init) refers to pstorage.o(i.pstorage_init) for pstorage_init
[...]
    i.NVIC_SetPriority                       0x00018374   Section        0  app_timer.o(i.NVIC_SetPriority)
    NVIC_SetPriority                         0x00018375   Thumb Code    60  app_timer.o(i.NVIC_SetPriority)
    i.RTC1_IRQHandler                        0x000183b8   Section        0  app_timer.o(i.RTC1_IRQHandler)
    i.SWI0_IRQHandler                        0x000183d8   Section        0  app_timer.o(i.SWI0_IRQHandler)
    i.SWI2_IRQHandler                        0x000183e0   Section        0  softdevice_handler.o(i.SWI2_IRQHandler)
    i.SystemInit                             0x00018404   Section        0  system_nrf51.o(i.SystemInit)
    i.UART0_IRQHandler                       0x000184a4   Section        0  nrf_drv_uart.o(i.UART0_IRQHandler)
    i.__ARM_common_switch8                   0x000185a8   Section        0  bsp.o(i.__ARM_common_switch8)
    i.__scatterload_copy                     0x000185c2   Section       14  handlers.o(i.__scatterload_copy)
    i.__scatterload_null                     0x000185d0   Section        2  handlers.o(i.__scatterload_null)
    i.__scatterload_zeroinit                 0x000185d2   Section       14  handlers.o(i.__scatterload_zeroinit)
    i.adc_configure                          0x000185e0   Section        0  main.o(i.adc_configure)
    adc_configure                            0x000185e1   Thumb Code    70  main.o(i.adc_configure)
    i.adv_data_encode                        0x0001863c   Section        0  ble_advdata.o(i.adv_data_encode)
    i.advertising_buttons_configure          0x00018852   Section        0  bsp_btn_ble.o(i.advertising_buttons_configure)
    advertising_buttons_configure            0x00018853   Thumb Code    60  bsp_btn_ble.o(i.advertising_buttons_configure)
    i.advertising_init                       0x00018890   Section        0  main.o(i.advertising_init)
    advertising_init                         0x00018891   Thumb Code    82  main.o(i.advertising_init)
    i.advertising_start                      0x000188ec   Section        0  main.o(i.advertising_start)
    advertising_start                        0x000188ed   Thumb Code   244  main.o(i.advertising_start)
    i.alert_level_char_add                   0x000189e4   Section        0  ble_ias.o(i.alert_level_char_add)
    alert_level_char_add                     0x000189e5   Thumb Code   128  ble_ias.o(i.alert_level_char_add)
    i.alert_level_char_add                   0x00018a68   Section        0  ble_lls.o(i.alert_level_char_add)
    alert_level_char_add                     0x00018a69   Thumb Code   134  ble_lls.o(i.alert_level_char_add)
    i.alert_signal                           0x00018af4   Section        0  main.o(i.alert_signal)
    alert_signal                             0x00018af5   Thumb Code    44  main.o(i.alert_signal)
    i.alert_timer_handler                    0x00018b20   Section        0  bsp.o(i.alert_timer_handler)
    alert_timer_handler                      0x00018b21   Thumb Code    20  bsp.o(i.alert_timer_handler)
    i.app_button_enable                      0x00018b38   Section        0  app_button.o(i.app_button_enable)
    i.app_button_init                        0x00018b5c   Section        0  app_button.o(i.app_button_init)
    i.app_error_handler                      0x00018bd0   Section        0  app_error.o(i.app_error_handler)
    i.app_evt_notify                         0x00018bec   Section        0  device_manager_peripheral.o(i.app_evt_notify)
    app_evt_notify                           0x00018bed   Thumb Code     6  device_manager_peripheral.o(i.app_evt_notify)
    i.app_notify                             0x00018bf8   Section        0  pstorage.o(i.app_notify)
    app_notify                               0x00018bf9   Thumb Code    34  pstorage.o(i.app_notify)
    i.app_notify_error_state_transit         0x00018c24   Section        0  pstorage.o(i.app_notify_error_state_transit)
    app_notify_error_state_transit           0x00018c25   Thumb Code    26  pstorage.o(i.app_notify_error_state_transit)
    i.app_timer_create                       0x00018c44   Section        0  app_timer.o(i.app_timer_create)
    i.app_timer_init                         0x00018c70   Section        0  app_timer.o(i.app_timer_init)
    i.app_timer_start                        0x00018d00   Section        0  app_timer.o(i.app_timer_start)
    i.app_timer_stop                         0x00018d7c   Section        0  app_timer.o(i.app_timer_stop)
    i.bas_init                               0x00018dd0   Section        0  main.o(i.bas_init)
    bas_init                                 0x00018dd1   Thumb Code    94  main.o(i.bas_init)
    i.battery_level_char_add                 0x00018e38   Section        0  ble_bas.o(i.battery_level_char_add)
    battery_level_char_add                   0x00018e39   Thumb Code   302  ble_bas.o(i.battery_level_char_add)
    i.battery_level_in_percent               0x00018f70   Section        0  main.o(i.battery_level_in_percent)
    battery_level_in_percent                 0x00018f71   Thumb Code   114  main.o(i.battery_level_in_percent)
    i.battery_level_meas_timeout_handler     0x00018ff4   Section        0  main.o(i.battery_level_meas_timeout_handler)
    battery_level_meas_timeout_handler       0x00018ff5   Thumb Code     8  main.o(i.battery_level_meas_timeout_handler)
    i.ble_advdata_set                        0x00019000   Section        0  ble_advdata.o(i.ble_advdata_set)
    i.ble_bas_battery_level_update           0x00019068   Section        0  ble_bas.o(i.ble_bas_battery_level_update)
    i.ble_bas_init                           0x000190dc   Section        0  ble_bas.o(i.ble_bas_init)
    i.ble_bas_on_ble_evt                     0x00019124   Section        0  ble_bas.o(i.ble_bas_on_ble_evt)
    i.ble_conn_params_init                   0x00019184   Section        0  ble_conn_params.o(i.ble_conn_params_init)
    i.ble_conn_params_on_ble_evt             0x000191d8   Section        0  ble_conn_params.o(i.ble_conn_params_on_ble_evt)
    i.ble_device_addr_encode                 0x00019268   Section        0  ble_advdata.o(i.ble_device_addr_encode)
    ble_device_addr_encode                   0x00019269   Thumb Code    94  ble_advdata.o(i.ble_device_addr_encode)
    i.ble_evt_dispatch                       0x000192c8   Section        0  main.o(i.ble_evt_dispatch)
    ble_evt_dispatch                         0x000192c9   Thumb Code    76  main.o(i.ble_evt_dispatch)
    i.ble_ias_c_init                         0x00019318   Section        0  ble_ias_c.o(i.ble_ias_c_init)
    i.ble_ias_c_on_ble_evt                   0x00019348   Section        0  ble_ias_c.o(i.ble_ias_c_on_ble_evt)
    i.ble_ias_c_send_alert_level             0x000193cc   Section        0  ble_ias_c.o(i.ble_ias_c_send_alert_level)
    i.ble_ias_init                           0x000193fc   Section        0  ble_ias.o(i.ble_ias_init)
    i.ble_ias_on_ble_evt                     0x00019430   Section        0  ble_ias.o(i.ble_ias_on_ble_evt)
    i.ble_lls_alert_level_get                0x00019464   Section        0  ble_lls.o(i.ble_lls_alert_level_get)
    i.ble_lls_init                           0x00019480   Section        0  ble_lls.o(i.ble_lls_init)
    i.ble_lls_on_ble_evt                     0x000194bc   Section        0  ble_lls.o(i.ble_lls_on_ble_evt)
    i.ble_srv_report_ref_encode              0x00019510   Section        0  ble_srv_common.o(i.ble_srv_report_ref_encode)
    i.ble_stack_init                         0x0001951c   Section        0  main.o(i.ble_stack_init)
    ble_stack_init                           0x0001951d   Thumb Code    90  main.o(i.ble_stack_init)
    i.ble_tps_init                           0x00019584   Section        0  ble_tps.o(i.ble_tps_init)
    i.ble_tps_on_ble_evt                     0x000195b0   Section        0  ble_tps.o(i.ble_tps_on_ble_evt)
    i.bond_data_load                         0x000195bc   Section        0  device_manager_peripheral.o(i.bond_data_load)
    i.bsp_btn_ble_init                       0x00019604   Section        0  bsp_btn_ble.o(i.bsp_btn_ble_init)
    i.bsp_btn_ble_on_ble_evt                 0x00019658   Section        0  bsp_btn_ble.o(i.bsp_btn_ble_on_ble_evt)
    i.bsp_btn_ble_sleep_mode_prepare         0x000196d0   Section        0  bsp_btn_ble.o(i.bsp_btn_ble_sleep_mode_prepare)
    i.bsp_button_event_handler               0x000196e4   Section        0  bsp.o(i.bsp_button_event_handler)
    bsp_button_event_handler                 0x000196e5   Thumb Code   148  bsp.o(i.bsp_button_event_handler)
    i.bsp_button_is_pressed                  0x00019784   Section        0  bsp.o(i.bsp_button_is_pressed)
    i.bsp_event_handler                      0x000197b0   Section        0  main.o(i.bsp_event_handler)
    bsp_event_handler                        0x000197b1   Thumb Code   114  main.o(i.bsp_event_handler)
    i.bsp_event_to_button_action_assign      0x00019834   Section        0  bsp.o(i.bsp_event_to_button_action_assign)
    i.bsp_indication_set                     0x0001987c   Section        0  bsp.o(i.bsp_indication_set)
    i.bsp_init                               0x00019898   Section        0  bsp.o(i.bsp_init)
    i.bsp_led_indication                     0x00019938   Section        0  bsp.o(i.bsp_led_indication)
    bsp_led_indication                       0x00019939   Thumb Code   492  bsp.o(i.bsp_led_indication)
    i.bsp_wakeup_buttons_set                 0x00019b30   Section        0  bsp.o(i.bsp_wakeup_buttons_set)
    i.button_timer_handler                   0x00019b6c   Section        0  bsp.o(i.button_timer_handler)
    button_timer_handler                     0x00019b6d   Thumb Code    12  bsp.o(i.button_timer_handler)
    i.channel_free                           0x00019b78   Section        0  nrf_drv_gpiote.o(i.channel_free)
    channel_free                             0x00019b79   Thumb Code    22  nrf_drv_gpiote.o(i.channel_free)
    i.channel_port_alloc                     0x00019b94   Section        0  nrf_drv_gpiote.o(i.channel_port_alloc)
    channel_port_alloc                       0x00019b95   Thumb Code    66  nrf_drv_gpiote.o(i.channel_port_alloc)
    i.channel_port_get                       0x00019bdc   Section        0  nrf_drv_gpiote.o(i.channel_port_get)
    channel_port_get                         0x00019bdd   Thumb Code    10  nrf_drv_gpiote.o(i.channel_port_get)
    i.clear_operation_execute                0x00019bec   Section        0  pstorage.o(i.clear_operation_execute)
    clear_operation_execute                  0x00019bed   Thumb Code   252  pstorage.o(i.clear_operation_execute)
    i.clear_post_processing_run              0x00019cf0   Section        0  pstorage.o(i.clear_post_processing_run)
    clear_post_processing_run                0x00019cf1   Thumb Code    32  pstorage.o(i.clear_post_processing_run)
    i.cmd_process                            0x00019d14   Section        0  pstorage.o(i.cmd_process)
    cmd_process                              0x00019d15   Thumb Code    46  pstorage.o(i.cmd_process)
    i.cmd_queue_element_init                 0x00019d4c   Section        0  pstorage.o(i.cmd_queue_element_init)
    cmd_queue_element_init                   0x00019d4d   Thumb Code    26  pstorage.o(i.cmd_queue_element_init)
    i.cmd_queue_enqueue                      0x00019d6c   Section        0  pstorage.o(i.cmd_queue_enqueue)
    cmd_queue_enqueue                        0x00019d6d   Thumb Code    68  pstorage.o(i.cmd_queue_enqueue)
    i.command_end_procedure_run              0x00019db8   Section        0  pstorage.o(i.command_end_procedure_run)
    command_end_procedure_run                0x00019db9   Thumb Code    56  pstorage.o(i.command_end_procedure_run)
    i.compare_reg_update                     0x00019df4   Section        0  app_timer.o(i.compare_reg_update)
    compare_reg_update                       0x00019df5   Thumb Code   142  app_timer.o(i.compare_reg_update)
    i.conn_int_encode                        0x00019e9c   Section        0  ble_advdata.o(i.conn_int_encode)
    conn_int_encode                          0x00019e9d   Thumb Code   130  ble_advdata.o(i.conn_int_encode)
    i.conn_params_error_handler              0x00019f24   Section        0  main.o(i.conn_params_error_handler)
    conn_params_error_handler                0x00019f25   Thumb Code    12  main.o(i.conn_params_error_handler)
    i.conn_params_negotiation                0x00019f30   Section        0  ble_conn_params.o(i.conn_params_negotiation)
    conn_params_negotiation                  0x00019f31   Thumb Code    92  ble_conn_params.o(i.conn_params_negotiation)
    i.connection_instance_find               0x00019f98   Section        0  device_manager_peripheral.o(i.connection_instance_find)
    connection_instance_find                 0x00019f99   Thumb Code    38  device_manager_peripheral.o(i.connection_instance_find)
    i.connection_instance_init               0x00019fc8   Section        0  device_manager_peripheral.o(i.connection_instance_init)
    connection_instance_init                 0x00019fc9   Thumb Code    30  device_manager_peripheral.o(i.connection_instance_init)
    i.data_page_erase_state_run              0x00019fec   Section        0  pstorage.o(i.data_page_erase_state_run)
    data_page_erase_state_run                0x00019fed   Thumb Code    80  pstorage.o(i.data_page_erase_state_run)
    i.data_to_swap_write_state_run           0x0001a040   Section        0  pstorage.o(i.data_to_swap_write_state_run)
    data_to_swap_write_state_run             0x0001a041   Thumb Code    34  pstorage.o(i.data_to_swap_write_state_run)
    i.detection_delay_timeout_handler        0x0001a068   Section        0  app_button.o(i.detection_delay_timeout_handler)
    detection_delay_timeout_handler          0x0001a069   Thumb Code    90  app_button.o(i.detection_delay_timeout_handler)
    i.device_context_store                   0x0001a0c8   Section        0  device_manager_peripheral.o(i.device_context_store)
    device_context_store                     0x0001a0c9   Thumb Code   152  device_manager_peripheral.o(i.device_context_store)
    i.device_instance_allocate               0x0001a178   Section        0  device_manager_peripheral.o(i.device_instance_allocate)
    device_instance_allocate                 0x0001a179   Thumb Code    74  device_manager_peripheral.o(i.device_instance_allocate)
    i.device_instance_find                   0x0001a1cc   Section        0  device_manager_peripheral.o(i.device_instance_find)
    device_instance_find                     0x0001a1cd   Thumb Code    68  device_manager_peripheral.o(i.device_instance_find)
    i.device_instance_free                   0x0001a214   Section        0  device_manager_peripheral.o(i.device_instance_free)
    device_instance_free                     0x0001a215   Thumb Code    40  device_manager_peripheral.o(i.device_instance_free)
    i.device_manager_evt_handler             0x0001a240   Section        0  main.o(i.device_manager_evt_handler)
    device_manager_evt_handler               0x0001a241   Thumb Code    18  main.o(i.device_manager_evt_handler)
    i.device_manager_init                    0x0001a254   Section        0  main.o(i.device_manager_init)
    device_manager_init                      0x0001a255   Thumb Code   106  main.o(i.device_manager_init)
    i.dm_ble_evt_handler                     0x0001a2c8   Section        0  device_manager_peripheral.o(i.dm_ble_evt_handler)
    i.dm_handle_initialize                   0x0001a684   Section        0  device_manager_peripheral.o(i.dm_handle_initialize)
    i.dm_init                                0x0001a6a0   Section        0  device_manager_peripheral.o(i.dm_init)
    i.dm_pstorage_cb_handler                 0x0001a764   Section        0  device_manager_peripheral.o(i.dm_pstorage_cb_handler)
    dm_pstorage_cb_handler                   0x0001a765   Thumb Code   342  device_manager_peripheral.o(i.dm_pstorage_cb_handler)
    i.dm_register                            0x0001a8c4   Section        0  device_manager_peripheral.o(i.dm_register)
    i.dm_whitelist_create                    0x0001a938   Section        0  device_manager_peripheral.o(i.dm_whitelist_create)
    i.elapsed_ticks_acquire                  0x0001a9ec   Section        0  app_timer.o(i.elapsed_ticks_acquire)
    elapsed_ticks_acquire                    0x0001a9ed   Thumb Code    58  app_timer.o(i.elapsed_ticks_acquire)
    i.flash_api_err_code_process             0x0001aa2c   Section        0  pstorage.o(i.flash_api_err_code_process)
    flash_api_err_code_process               0x0001aa2d   Thumb Code    28  pstorage.o(i.flash_api_err_code_process)
    i.flash_operation_success_run            0x0001aa4c   Section        0  pstorage.o(i.flash_operation_success_run)
    flash_operation_success_run              0x0001aa4d   Thumb Code   114  pstorage.o(i.flash_operation_success_run)
    i.flash_page_erase                       0x0001aacc   Section        0  pstorage.o(i.flash_page_erase)
    flash_page_erase                         0x0001aacd   Thumb Code    10  pstorage.o(i.flash_page_erase)
    i.flash_write                            0x0001aad6   Section        0  pstorage.o(i.flash_write)
    flash_write                              0x0001aad7   Thumb Code    10  pstorage.o(i.flash_write)
    i.gap_params_init                        0x0001aae0   Section        0  main.o(i.gap_params_init)
    gap_params_init                          0x0001aae1   Thumb Code   104  main.o(i.gap_params_init)
    i.gattc_context_apply                    0x0001ab54   Section        0  device_manager_peripheral.o(i.gattc_context_apply)
    gattc_context_apply                      0x0001ab55   Thumb Code     4  device_manager_peripheral.o(i.gattc_context_apply)
    i.gattc_context_load                     0x0001ab58   Section        0  device_manager_peripheral.o(i.gattc_context_load)
    gattc_context_load                       0x0001ab59   Thumb Code     4  device_manager_peripheral.o(i.gattc_context_load)
    i.gattc_context_store                    0x0001ab5c   Section        0  device_manager_peripheral.o(i.gattc_context_store)
    gattc_context_store                      0x0001ab5d   Thumb Code     4  device_manager_peripheral.o(i.gattc_context_store)
    i.gatts_context_apply                    0x0001ab60   Section        0  device_manager_peripheral.o(i.gatts_context_apply)
    gatts_context_apply                      0x0001ab61   Thumb Code   162  device_manager_peripheral.o(i.gatts_context_apply)
    i.gatts_context_load                     0x0001ac14   Section        0  device_manager_peripheral.o(i.gatts_context_load)
    gatts_context_load                       0x0001ac15   Thumb Code    42  device_manager_peripheral.o(i.gatts_context_load)
    i.gatts_context_store                    0x0001ac44   Section        0  device_manager_peripheral.o(i.gatts_context_store)
    gatts_context_store                      0x0001ac45   Thumb Code   156  device_manager_peripheral.o(i.gatts_context_store)
    i.gattsc_context_apply                   0x0001acec   Section        0  device_manager_peripheral.o(i.gattsc_context_apply)
    gattsc_context_apply                     0x0001aced   Thumb Code     8  device_manager_peripheral.o(i.gattsc_context_apply)
    i.gattsc_context_load                    0x0001acf4   Section        0  device_manager_peripheral.o(i.gattsc_context_load)
    gattsc_context_load                      0x0001acf5   Thumb Code     8  device_manager_peripheral.o(i.gattsc_context_load)
    i.gattsc_context_store                   0x0001acfc   Section        0  device_manager_peripheral.o(i.gattsc_context_store)
    gattsc_context_store                     0x0001acfd   Thumb Code     8  device_manager_peripheral.o(i.gattsc_context_store)
    i.gpiote_event_handler                   0x0001ad04   Section        0  app_button.o(i.gpiote_event_handler)
    gpiote_event_handler                     0x0001ad05   Thumb Code    72  app_button.o(i.gpiote_event_handler)
    i.head_restore_state_run                 0x0001ad54   Section        0  pstorage.o(i.head_restore_state_run)
    head_restore_state_run                   0x0001ad55   Thumb Code   110  pstorage.o(i.head_restore_state_run)
    i.intern_softdevice_events_execute       0x0001adcc   Section        0  softdevice_handler.o(i.intern_softdevice_events_execute)
    i.is_conn_params_ok                      0x0001ae4c   Section        0  ble_conn_params.o(i.is_conn_params_ok)
    is_conn_params_ok                        0x0001ae4d   Thumb Code    24  ble_conn_params.o(i.is_conn_params_ok)
    i.is_manual_peripheral_setup_needed      0x0001ae68   Section        0  system_nrf51.o(i.is_manual_peripheral_setup_needed)
    is_manual_peripheral_setup_needed        0x0001ae69   Thumb Code    66  system_nrf51.o(i.is_manual_peripheral_setup_needed)
    i.is_page_erase_required                 0x0001aeb0   Section        0  pstorage.o(i.is_page_erase_required)
    is_page_erase_required                   0x0001aeb1   Thumb Code    60  pstorage.o(i.is_page_erase_required)
    i.is_word_aligned                        0x0001aef4   Section        0  pstorage.o(i.is_word_aligned)
    is_word_aligned                          0x0001aef5   Thumb Code    12  pstorage.o(i.is_word_aligned)
    i.le_role_encode                         0x0001af00   Section        0  ble_advdata.o(i.le_role_encode)
    le_role_encode                           0x0001af01   Thumb Code    84  ble_advdata.o(i.le_role_encode)
    i.leds_timer_handler                     0x0001af54   Section        0  bsp.o(i.leds_timer_handler)
    leds_timer_handler                       0x0001af55   Thumb Code    18  bsp.o(i.leds_timer_handler)
    i.list_deletions_handler                 0x0001af6c   Section        0  app_timer.o(i.list_deletions_handler)
    list_deletions_handler                   0x0001af6d   Thumb Code   180  app_timer.o(i.list_deletions_handler)
    i.list_insertions_handler                0x0001b028   Section        0  app_timer.o(i.list_insertions_handler)
    list_insertions_handler                  0x0001b029   Thumb Code   202  app_timer.o(i.list_insertions_handler)
    i.main                                   0x0001b0fc   Section        0  main.o(i.main)
    i.main_state_err_busy_process            0x0001b1f0   Section        0  pstorage.o(i.main_state_err_busy_process)
    main_state_err_busy_process              0x0001b1f1   Thumb Code    20  pstorage.o(i.main_state_err_busy_process)
    i.manuf_specific_data_encode             0x0001b208   Section        0  ble_advdata.o(i.manuf_specific_data_encode)
    manuf_specific_data_encode               0x0001b209   Thumb Code   104  ble_advdata.o(i.manuf_specific_data_encode)
    i.name_encode                            0x0001b270   Section        0  ble_advdata.o(i.name_encode)
    name_encode                              0x0001b271   Thumb Code   158  ble_advdata.o(i.name_encode)
    i.no_service_context_apply               0x0001b30e   Section        0  device_manager_peripheral.o(i.no_service_context_apply)
    no_service_context_apply                 0x0001b30f   Thumb Code     4  device_manager_peripheral.o(i.no_service_context_apply)
    i.no_service_context_load                0x0001b312   Section        0  device_manager_peripheral.o(i.no_service_context_load)
    no_service_context_load                  0x0001b313   Thumb Code     4  device_manager_peripheral.o(i.no_service_context_load)
    i.no_service_context_store               0x0001b316   Section        0  device_manager_peripheral.o(i.no_service_context_store)
    no_service_context_store                 0x0001b317   Thumb Code     4  device_manager_peripheral.o(i.no_service_context_store)
    i.nrf_adc_configure                      0x0001b31c   Section        0  nrf_adc.o(i.nrf_adc_configure)
    i.nrf_adc_input_select                   0x0001b35c   Section        0  nrf_adc.o(i.nrf_adc_input_select)
    nrf_adc_input_select                     0x0001b35d   Thumb Code    28  nrf_adc.o(i.nrf_adc_input_select)
    i.nrf_drv_common_irq_enable              0x0001b37c   Section        0  nrf_drv_common.o(i.nrf_drv_common_irq_enable)
    i.nrf_drv_gpiote_in_event_enable         0x0001b3dc   Section        0  nrf_drv_gpiote.o(i.nrf_drv_gpiote_in_event_enable)
    i.nrf_drv_gpiote_in_init                 0x0001b47c   Section        0  nrf_drv_gpiote.o(i.nrf_drv_gpiote_in_init)
    i.nrf_drv_gpiote_in_is_set               0x0001b520   Section        0  nrf_drv_gpiote.o(i.nrf_drv_gpiote_in_is_set)
    i.nrf_drv_gpiote_init                    0x0001b534   Section        0  nrf_drv_gpiote.o(i.nrf_drv_gpiote_init)
    i.nrf_drv_gpiote_is_init                 0x0001b588   Section        0  nrf_drv_gpiote.o(i.nrf_drv_gpiote_is_init)
    i.nrf_gpio_cfg                           0x0001b598   Section        0  nrf_drv_gpiote.o(i.nrf_gpio_cfg)
    nrf_gpio_cfg                             0x0001b599   Thumb Code    32  nrf_drv_gpiote.o(i.nrf_gpio_cfg)
    i.nrf_gpio_cfg_sense_set                 0x0001b5bc   Section        0  nrf_drv_gpiote.o(i.nrf_gpio_cfg_sense_set)
    nrf_gpio_cfg_sense_set                   0x0001b5bd   Thumb Code    26  nrf_drv_gpiote.o(i.nrf_gpio_cfg_sense_set)
    i.nrf_gpiote_event_is_set                0x0001b5dc   Section        0  nrf_drv_gpiote.o(i.nrf_gpiote_event_is_set)
    nrf_gpiote_event_is_set                  0x0001b5dd   Thumb Code    14  nrf_drv_gpiote.o(i.nrf_gpiote_event_is_set)
    i.nrf_uart_event_check                   0x0001b5f0   Section        0  nrf_drv_uart.o(i.nrf_uart_event_check)
    nrf_uart_event_check                     0x0001b5f1   Thumb Code    10  nrf_drv_uart.o(i.nrf_uart_event_check)
    i.nrf_uart_int_enable_check              0x0001b5fa   Section        0  nrf_drv_uart.o(i.nrf_uart_int_enable_check)
    nrf_uart_int_enable_check                0x0001b5fb   Thumb Code    16  nrf_drv_uart.o(i.nrf_uart_int_enable_check)
    i.on_bas_evt                             0x0001b60c   Section        0  main.o(i.on_bas_evt)
    on_bas_evt                               0x0001b60d   Thumb Code    48  main.o(i.on_bas_evt)
    i.on_ble_evt                             0x0001b640   Section        0  main.o(i.on_ble_evt)
    on_ble_evt                               0x0001b641   Thumb Code   128  main.o(i.on_ble_evt)
    i.on_char_disc_resp                      0x0001b6c4   Section        0  ble_ias_c.o(i.on_char_disc_resp)
    on_char_disc_resp                        0x0001b6c5   Thumb Code    78  ble_ias_c.o(i.on_char_disc_resp)
    i.on_ias_c_evt                           0x0001b718   Section        0  main.o(i.on_ias_c_evt)
    on_ias_c_evt                             0x0001b719   Thumb Code    26  main.o(i.on_ias_c_evt)
    i.on_ias_evt                             0x0001b738   Section        0  main.o(i.on_ias_evt)
    on_ias_evt                               0x0001b739   Thumb Code    16  main.o(i.on_ias_evt)
    i.on_lls_evt                             0x0001b748   Section        0  main.o(i.on_lls_evt)
    on_lls_evt                               0x0001b749   Thumb Code    16  main.o(i.on_lls_evt)
    i.peer_instance_init                     0x0001b758   Section        0  device_manager_peripheral.o(i.peer_instance_init)
    peer_instance_init                       0x0001b759   Thumb Code    50  device_manager_peripheral.o(i.peer_instance_init)
    i.pin_in_use_by_port                     0x0001b790   Section        0  nrf_drv_gpiote.o(i.pin_in_use_by_port)
    pin_in_use_by_port                       0x0001b791   Thumb Code    20  nrf_drv_gpiote.o(i.pin_in_use_by_port)
    i.pin_in_use_by_te                       0x0001b7a8   Section        0  nrf_drv_gpiote.o(i.pin_in_use_by_te)
    pin_in_use_by_te                         0x0001b7a9   Thumb Code    20  nrf_drv_gpiote.o(i.pin_in_use_by_te)
    i.pstorage_access_status_get             0x0001b7c0   Section        0  pstorage.o(i.pstorage_access_status_get)
    i.pstorage_block_identifier_get          0x0001b7e8   Section        0  pstorage.o(i.pstorage_block_identifier_get)
    i.pstorage_clear                         0x0001b83c   Section        0  pstorage.o(i.pstorage_clear)
    i.pstorage_flash_page_end                0x0001b8e0   Section        0  pstorage.o(i.pstorage_flash_page_end)
    pstorage_flash_page_end                  0x0001b8e1   Thumb Code    32  pstorage.o(i.pstorage_flash_page_end)
    i.pstorage_flash_page_size               0x0001b904   Section        0  pstorage.o(i.pstorage_flash_page_size)
    pstorage_flash_page_size                 0x0001b905   Thumb Code    10  pstorage.o(i.pstorage_flash_page_size)
    i.pstorage_init                          0x0001b910   Section        0  pstorage.o(i.pstorage_init)
    i.pstorage_load                          0x0001b95c   Section        0  pstorage.o(i.pstorage_load)
    i.pstorage_register                      0x0001ba04   Section        0  pstorage.o(i.pstorage_register)
    i.pstorage_store                         0x0001bac0   Section        0  pstorage.o(i.pstorage_store)
    i.pstorage_sys_event_handler             0x0001bb50   Section        0  pstorage.o(i.pstorage_sys_event_handler)
    i.pstorage_update                        0x0001bb9c   Section        0  pstorage.o(i.pstorage_update)
    i.rtc1_stop                              0x0001bc2c   Section        0  app_timer.o(i.rtc1_stop)
    rtc1_stop                                0x0001bc2d   Thumb Code    50  app_timer.o(i.rtc1_stop)
    i.rx_byte                                0x0001bc70   Section        0  nrf_drv_uart.o(i.rx_byte)
    rx_byte                                  0x0001bc71   Thumb Code    30  nrf_drv_uart.o(i.rx_byte)
    i.rx_done_event                          0x0001bc9c   Section        0  nrf_drv_uart.o(i.rx_done_event)
    rx_done_event                            0x0001bc9d   Thumb Code    28  nrf_drv_uart.o(i.rx_done_event)
    i.service_data_encode                    0x0001bcbc   Section        0  ble_advdata.o(i.service_data_encode)
    service_data_encode                      0x0001bcbd   Thumb Code   142  ble_advdata.o(i.service_data_encode)
    i.service_error_handler                  0x0001bd4a   Section        0  main.o(i.service_error_handler)
    service_error_handler                    0x0001bd4b   Thumb Code    12  main.o(i.service_error_handler)
    i.services_init                          0x0001bd58   Section        0  main.o(i.services_init)
    services_init                            0x0001bd59   Thumb Code   168  main.o(i.services_init)
    i.sleep_mode_enter                       0x0001be18   Section        0  main.o(i.sleep_mode_enter)
    sleep_mode_enter                         0x0001be19   Thumb Code    52  main.o(i.sleep_mode_enter)
    i.sm_state_change                        0x0001be4c   Section        0  pstorage.o(i.sm_state_change)
    sm_state_change                          0x0001be4d   Thumb Code    62  pstorage.o(i.sm_state_change)
    i.softdevice_assertion_handler           0x0001be94   Section        0  softdevice_handler.o(i.softdevice_assertion_handler)
    i.softdevice_ble_evt_handler_set         0x0001bea0   Section        0  softdevice_handler.o(i.softdevice_ble_evt_handler_set)
    i.softdevice_handler_init                0x0001beb4   Section        0  softdevice_handler.o(i.softdevice_handler_init)
    i.softdevice_sys_evt_handler_set         0x0001bee4   Section        0  softdevice_handler.o(i.softdevice_sys_evt_handler_set)
    i.state_data_erase_swap_entry_run        0x0001bef8   Section        0  pstorage.o(i.state_data_erase_swap_entry_run)
    state_data_erase_swap_entry_run          0x0001bef9   Thumb Code    92  pstorage.o(i.state_data_erase_swap_entry_run)
    i.state_erase_data_page_entry_run        0x0001bf5c   Section        0  pstorage.o(i.state_erase_data_page_entry_run)
    state_erase_data_page_entry_run          0x0001bf5d   Thumb Code    12  pstorage.o(i.state_erase_data_page_entry_run)
    i.state_restore_head_entry_run           0x0001bf6c   Section        0  pstorage.o(i.state_restore_head_entry_run)
    state_restore_head_entry_run             0x0001bf6d   Thumb Code    36  pstorage.o(i.state_restore_head_entry_run)
    i.state_restore_tail_entry_run           0x0001bf94   Section        0  pstorage.o(i.state_restore_tail_entry_run)
    state_restore_tail_entry_run             0x0001bf95   Thumb Code    66  pstorage.o(i.state_restore_tail_entry_run)
    i.state_swap_erase_entry_run             0x0001bfe0   Section        0  pstorage.o(i.state_swap_erase_entry_run)
    state_swap_erase_entry_run               0x0001bfe1   Thumb Code    32  pstorage.o(i.state_swap_erase_entry_run)
    i.state_write_data_swap_entry_run        0x0001c000   Section        0  pstorage.o(i.state_write_data_swap_entry_run)
    state_write_data_swap_entry_run          0x0001c001   Thumb Code    42  pstorage.o(i.state_write_data_swap_entry_run)
    i.storage_operation_dummy_handler        0x0001c030   Section        0  device_manager_peripheral.o(i.storage_operation_dummy_handler)
    storage_operation_dummy_handler          0x0001c031   Thumb Code     4  device_manager_peripheral.o(i.storage_operation_dummy_handler)
    i.store_cmd_flash_write_execute          0x0001c034   Section        0  pstorage.o(i.store_cmd_flash_write_execute)
    store_cmd_flash_write_execute            0x0001c035   Thumb Code    82  pstorage.o(i.store_cmd_flash_write_execute)
    i.swap_erase_state_run                   0x0001c090   Section        0  pstorage.o(i.swap_erase_state_run)
    swap_erase_state_run                     0x0001c091   Thumb Code    24  pstorage.o(i.swap_erase_state_run)
    i.swap_sub_state_err_busy_process        0x0001c0ac   Section        0  pstorage.o(i.swap_sub_state_err_busy_process)
    swap_sub_state_err_busy_process          0x0001c0ad   Thumb Code    20  pstorage.o(i.swap_sub_state_err_busy_process)
    i.swap_sub_state_state_change            0x0001c0c4   Section        0  pstorage.o(i.swap_sub_state_state_change)
    swap_sub_state_state_change              0x0001c0c5   Thumb Code    12  pstorage.o(i.swap_sub_state_state_change)
    i.sys_evt_dispatch                       0x0001c0d8   Section        0  main.o(i.sys_evt_dispatch)
    sys_evt_dispatch                         0x0001c0d9   Thumb Code    34  main.o(i.sys_evt_dispatch)
    i.tail_restore_state_run                 0x0001c100   Section        0  pstorage.o(i.tail_restore_state_run)
    tail_restore_state_run                   0x0001c101   Thumb Code    22  pstorage.o(i.tail_restore_state_run)
    i.timer_list_handler                     0x0001c11c   Section        0  app_timer.o(i.timer_list_handler)
    timer_list_handler                       0x0001c11d   Thumb Code   128  app_timer.o(i.timer_list_handler)
    i.timer_list_handler_sched               0x0001c1a0   Section        0  app_timer.o(i.timer_list_handler_sched)
    timer_list_handler_sched                 0x0001c1a1   Thumb Code    10  app_timer.o(i.timer_list_handler_sched)
    i.timer_list_insert                      0x0001c1b0   Section        0  app_timer.o(i.timer_list_insert)
    timer_list_insert                        0x0001c1b1   Thumb Code    60  app_timer.o(i.timer_list_insert)
    i.timer_timeouts_check                   0x0001c1f0   Section        0  app_timer.o(i.timer_timeouts_check)
    timer_timeouts_check                     0x0001c1f1   Thumb Code   122  app_timer.o(i.timer_timeouts_check)
    i.tx_byte                                0x0001c274   Section        0  nrf_drv_uart.o(i.tx_byte)
    tx_byte                                  0x0001c275   Thumb Code    30  nrf_drv_uart.o(i.tx_byte)
    i.tx_done_event                          0x0001c2a0   Section        0  nrf_drv_uart.o(i.tx_done_event)
    tx_done_event                            0x0001c2a1   Thumb Code    26  nrf_drv_uart.o(i.tx_done_event)
    i.tx_power_level_char_add                0x0001c2c0   Section        0  ble_tps.o(i.tx_power_level_char_add)
    tx_power_level_char_add                  0x0001c2c1   Thumb Code   134  ble_tps.o(i.tx_power_level_char_add)
    i.uint16_encode                          0x0001c34c   Section        0  ble_advdata.o(i.uint16_encode)
    uint16_encode                            0x0001c34d   Thumb Code    10  ble_advdata.o(i.uint16_encode)
    i.update_status_bit_reset                0x0001c358   Section        0  device_manager_peripheral.o(i.update_status_bit_reset)
    update_status_bit_reset                  0x0001c359   Thumb Code    14  device_manager_peripheral.o(i.update_status_bit_reset)
    i.update_timeout_handler                 0x0001c36c   Section        0  ble_conn_params.o(i.update_timeout_handler)
    update_timeout_handler                   0x0001c36d   Thumb Code    86  ble_conn_params.o(i.update_timeout_handler)
    i.user_id_get                            0x0001c3d0   Section        0  app_timer.o(i.user_id_get)
    user_id_get                              0x0001c3d1   Thumb Code    74  app_timer.o(i.user_id_get)
    i.user_op_alloc                          0x0001c424   Section        0  app_timer.o(i.user_op_alloc)
    user_op_alloc                            0x0001c425   Thumb Code    38  app_timer.o(i.user_op_alloc)
    i.uuid_list_encode                       0x0001c44a   Section        0  ble_advdata.o(i.uuid_list_encode)
    uuid_list_encode                         0x0001c44b   Thumb Code    48  ble_advdata.o(i.uuid_list_encode)
    i.uuid_list_sized_encode                 0x0001c47a   Section        0  ble_advdata.o(i.uuid_list_sized_encode)
    uuid_list_sized_encode                   0x0001c47b   Thumb Code   174  ble_advdata.o(i.uuid_list_sized_encode)
    .constdata                               0x0001c528   Section       24  main.o(.constdata)
    m_battery_timer_id                       0x0001c528   Data           4  main.o(.constdata)
    .constdata                               0x0001c540   Section       60  bsp.o(.constdata)
    m_leds_timer_id                          0x0001c540   Data           4  bsp.o(.constdata)
    m_alert_timer_id                         0x0001c544   Data           4  bsp.o(.constdata)
    m_button_timer_id                        0x0001c548   Data           4  bsp.o(.constdata)
    m_buttons_list                           0x0001c54c   Data          16  bsp.o(.constdata)
    app_buttons                              0x0001c55c   Data          32  bsp.o(.constdata)
    .constdata                               0x0001c57c   Section        4  ble_conn_params.o(.constdata)
    m_conn_params_timer_id                   0x0001c57c   Data           4  ble_conn_params.o(.constdata)
    .constdata                               0x0001c580   Section       48  device_manager_peripheral.o(.constdata)
    .constdata                               0x0001c5b0   Section       40  pstorage.o(.constdata)
    swap_sub_state_sm_lut                    0x0001c5b0   Data          20  pstorage.o(.constdata)
    swap_sub_state_sm_lut                    0x0001c5c4   Data          20  pstorage.o(.constdata)
    .constdata                               0x0001c5d8   Section        8  app_button.o(.constdata)
    m_detection_delay_timer_id               0x0001c5d8   Data           4  app_button.o(.constdata)
    .data                                    0x20002000   Section        8  main.o(.data)
    m_is_ias_present                         0x20002000   Data           1  main.o(.data)
    m_memory_access_in_progress              0x20002001   Data           1  main.o(.data)
    m_advertising_mode                       0x20002002   Data           1  main.o(.data)
    m_is_high_alert_signalled                0x20002003   Data           1  main.o(.data)
    m_app_handle                             0x20002004   Data           1  main.o(.data)
    m_conn_handle                            0x20002006   Data           2  main.o(.data)
    .data                                    0x20002008   Section       24  bsp.o(.data)
    m_stable_state                           0x20002008   Data           1  bsp.o(.data)
    current_long_push_pin_no                 0x20002009   Data           1  bsp.o(.data)
    m_app_ticks_per_100ms                    0x2000200c   Data           4  bsp.o(.data)
    m_indication_type                        0x20002010   Data           4  bsp.o(.data)
    m_alert_mask                             0x20002014   Data           4  bsp.o(.data)
    m_registered_callback                    0x20002018   Data           4  bsp.o(.data)
    release_event_at_push                    0x2000201c   Data           4  bsp.o(.data)
    .data                                    0x20002020   Section        8  bsp_btn_ble.o(.data)
    m_error_handler                          0x20002020   Data           4  bsp_btn_ble.o(.data)
    m_num_connections                        0x20002024   Data           4  bsp_btn_ble.o(.data)
    .data                                    0x20002028   Section       20  ble_conn_params.o(.data)
    m_change_param                           0x20002028   Data           1  ble_conn_params.o(.data)
    m_update_count                           0x20002029   Data           1  ble_conn_params.o(.data)
    m_conn_handle                            0x2000202a   Data           2  ble_conn_params.o(.data)
    m_preferred_conn_params                  0x2000202c   Data           8  ble_conn_params.o(.data)
    m_current_conn_params                    0x20002034   Data           8  ble_conn_params.o(.data)
    .data                                    0x2000203c   Section        4  ble_ias_c.o(.data)
    m_alert_level_uuid                       0x2000203c   Data           4  ble_ias_c.o(.data)
    .data                                    0x20002040   Section       24  device_manager_peripheral.o(.data)
    m_module_initialized                     0x20002040   Data           1  device_manager_peripheral.o(.data)
    m_peer_addr_update                       0x20002044   Data           4  device_manager_peripheral.o(.data)
    m_irk_index_table                        0x20002048   Data           7  device_manager_peripheral.o(.data)
    m_storage_handle                         0x20002050   Data           8  device_manager_peripheral.o(.data)
    .data                                    0x20002058   Section       36  pstorage.o(.data)
    m_state                                  0x20002058   Data           1  pstorage.o(.data)
    m_swap_sub_state                         0x20002059   Data           1  pstorage.o(.data)
    m_next_app_instance                      0x2000205a   Data           2  pstorage.o(.data)
    m_flags                                  0x2000205c   Data           4  pstorage.o(.data)
    m_next_page_addr                         0x20002060   Data           4  pstorage.o(.data)
    m_head_word_size                         0x20002064   Data           4  pstorage.o(.data)
    m_tail_word_size                         0x20002068   Data           4  pstorage.o(.data)
    m_current_page_id                        0x2000206c   Data           4  pstorage.o(.data)
    m_num_of_command_retries                 0x20002070   Data           4  pstorage.o(.data)
    m_num_of_bytes_written                   0x20002074   Data           4  pstorage.o(.data)
    m_app_data_size                          0x20002078   Data           4  pstorage.o(.data)
    .data                                    0x2000207c   Section       20  app_button.o(.data)
    m_button_count                           0x2000207c   Data           1  app_button.o(.data)
    mp_buttons                               0x20002080   Data           4  app_button.o(.data)
    m_detection_delay                        0x20002084   Data           4  app_button.o(.data)
    m_pin_state                              0x20002088   Data           4  app_button.o(.data)
    m_pin_transition                         0x2000208c   Data           4  app_button.o(.data)
    .data                                    0x20002090   Section       32  app_timer.o(.data)
    m_user_array_size                        0x20002090   Data           1  app_timer.o(.data)
    m_ticks_elapsed_q_read_ind               0x20002091   Data           1  app_timer.o(.data)
    m_ticks_elapsed_q_write_ind              0x20002092   Data           1  app_timer.o(.data)
    m_rtc1_running                           0x20002093   Data           1  app_timer.o(.data)
    m_rtc1_reset                             0x20002094   Data           1  app_timer.o(.data)
    mp_users                                 0x20002098   Data           4  app_timer.o(.data)
    mp_timer_id_head                         0x2000209c   Data           4  app_timer.o(.data)
    m_ticks_latest                           0x200020a0   Data           4  app_timer.o(.data)
    m_evt_schedule_func                      0x200020a4   Data           4  app_timer.o(.data)
    m_ticks_elapsed                          0x200020a8   Data           8  app_timer.o(.data)
    .data                                    0x200020b0   Section       20  softdevice_handler.o(.data)
    m_softdevice_enabled                     0x200020b0   Data           1  softdevice_handler.o(.data)
    m_ble_evt_buffer_size                    0x200020b2   Data           2  softdevice_handler.o(.data)
    m_evt_schedule_func                      0x200020b4   Data           4  softdevice_handler.o(.data)
    mp_ble_evt_buffer                        0x200020b8   Data           4  softdevice_handler.o(.data)
    m_ble_evt_handler                        0x200020bc   Data           4  softdevice_handler.o(.data)
    m_sys_evt_handler                        0x200020c0   Data           4  softdevice_handler.o(.data)
    .data                                    0x200020c4   Section        4  system_nrf51.o(.data)
    __tagsym$$used                           0x200020c4   Number         0  system_nrf51.o(.data)
    .bss                                     0x200020c8   Section       32  main.o(.bss)
    m_battery_timer_id_data                  0x200020c8   Data          32  main.o(.bss)
    .bss                                     0x200020e8   Section      756  main.o(.bss)
    APP_TIMER_BUF                            0x200020e8   Data         600  main.o(.bss)
    BLE_EVT_BUFFER                           0x20002340   Data          72  main.o(.bss)
    m_tps                                    0x20002388   Data          12  main.o(.bss)
    m_ias                                    0x20002394   Data          16  main.o(.bss)
    m_lls                                    0x200023a4   Data          20  main.o(.bss)
    m_bas                                    0x200023b8   Data          24  main.o(.bss)
    m_ias_c                                  0x200023d0   Data          12  main.o(.bss)
    .bss                                     0x200023dc   Section       32  bsp.o(.bss)
    m_leds_timer_id_data                     0x200023dc   Data          32  bsp.o(.bss)
    .bss                                     0x200023fc   Section       32  bsp.o(.bss)
    m_alert_timer_id_data                    0x200023fc   Data          32  bsp.o(.bss)
    .bss                                     0x2000241c   Section       12  bsp.o(.bss)
    m_events_list                            0x2000241c   Data          12  bsp.o(.bss)
    .bss                                     0x20002428   Section       32  bsp.o(.bss)
    m_button_timer_id_data                   0x20002428   Data          32  bsp.o(.bss)
    .bss                                     0x20002448   Section       32  ble_conn_params.o(.bss)
    m_conn_params_timer_id_data              0x20002448   Data          32  ble_conn_params.o(.bss)
    .bss                                     0x20002468   Section       28  ble_conn_params.o(.bss)
    m_conn_params_config                     0x20002468   Data          28  ble_conn_params.o(.bss)
    .bss                                     0x20002484   Section      287  device_manager_peripheral.o(.bss)
    m_peer_table                             0x20002484   Data         196  device_manager_peripheral.o(.bss)
    m_bond_table                             0x20002548   Data          28  device_manager_peripheral.o(.bss)
    m_gatts_table                            0x20002564   Data          16  device_manager_peripheral.o(.bss)
    m_connection_table                       0x20002574   Data          12  device_manager_peripheral.o(.bss)
    m_application_table                      0x20002580   Data          12  device_manager_peripheral.o(.bss)
    m_local_id_info                          0x2000258c   Data          23  device_manager_peripheral.o(.bss)
    .bss                                     0x200025a4   Section       72  nrf_drv_gpiote.o(.bss)
    m_cb                                     0x200025a4   Data          72  nrf_drv_gpiote.o(.bss)
    .bss                                     0x200025ec   Section       24  nrf_drv_uart.o(.bss)
    m_cb                                     0x200025ec   Data          24  nrf_drv_uart.o(.bss)
    .bss                                     0x20002604   Section      216  pstorage.o(.bss)
    m_cmd_queue                              0x20002604   Data         204  pstorage.o(.bss)
    m_app_table                              0x200026d0   Data          12  pstorage.o(.bss)
    .bss                                     0x200026dc   Section       32  app_button.o(.bss)
    m_detection_delay_timer_id_data          0x200026dc   Data          32  app_button.o(.bss)
    STACK                                    0x20002700   Section     2048  arm_startup_nrf51.o(STACK)

    Global Symbols

    Symbol Name                              Value     Ov Type        Size  Object(Section)

    BuildAttributes$$THM_ISAv3M$S$PE$A:L22$X:L11$S22$IEEE1$IW$USESV6$~STKCKD$USESV7$~SHL$OSPACE$EBA8$MICROLIB$REQ8$PRES8$EABIv2 0x00000000   Number         0  anon$$obj.o ABSOLUTE
    __ARM_use_no_argv                        0x00000000   Number         0  main.o ABSOLUTE
    __cpp_initialize__aeabi_                  - Undefined Weak Reference
    __cxa_finalize                            - Undefined Weak Reference
    __decompress                              - Undefined Weak Reference
    _clock_init                               - Undefined Weak Reference
    _microlib_exit                            - Undefined Weak Reference
    __Vectors_Size                           0x000000c0   Number         0  arm_startup_nrf51.o ABSOLUTE
    __Vectors                                0x00018000   Data           4  arm_startup_nrf51.o(RESET)
    __Vectors_End                            0x000180c0   Data           0  arm_startup_nrf51.o(RESET)
    __main                                   0x000180c1   Thumb Code     0  entry.o(.ARM.Collect$$$$00000000)
    _main_stk                                0x000180c1   Thumb Code     0  entry2.o(.ARM.Collect$$$$00000001)
    _main_scatterload                        0x000180c5   Thumb Code     0  entry5.o(.ARM.Collect$$$$00000004)
    __main_after_scatterload                 0x000180c9   Thumb Code     0  entry5.o(.ARM.Collect$$$$00000004)
    _main_clock                              0x000180c9   Thumb Code     0  entry7b.o(.ARM.Collect$$$$00000008)
    _main_cpp_init                           0x000180c9   Thumb Code     0  entry8b.o(.ARM.Collect$$$$0000000A)
    _main_init                               0x000180c9   Thumb Code     0  entry9a.o(.ARM.Collect$$$$0000000B)
    __rt_final_cpp                           0x000180d1   Thumb Code     0  entry10a.o(.ARM.Collect$$$$0000000D)
    __rt_final_exit                          0x000180d1   Thumb Code     0  entry11a.o(.ARM.Collect$$$$0000000F)
    __asm___11_app_timer_c_cd27f9c3__nrf_delay_us 0x000180d5   Thumb Code    30  app_timer.o(.emb_text)
    Reset_Handler                            0x000180f5   Thumb Code    26  arm_startup_nrf51.o(.text)
    NMI_Handler                              0x0001810f   Thumb Code     2  arm_startup_nrf51.o(.text)
    HardFault_Handler                        0x00018111   Thumb Code     2  arm_startup_nrf51.o(.text)
    SVC_Handler                              0x00018113   Thumb Code     2  arm_startup_nrf51.o(.text)
    PendSV_Handler                           0x00018115   Thumb Code     2  arm_startup_nrf51.o(.text)
    SysTick_Handler                          0x00018117   Thumb Code     2  arm_startup_nrf51.o(.text)
    CCM_AAR_IRQHandler                       0x00018119   Thumb Code     0  arm_startup_nrf51.o(.text)
    ECB_IRQHandler                           0x00018119   Thumb Code     0  arm_startup_nrf51.o(.text)
    LPCOMP_IRQHandler                        0x00018119   Thumb Code     0  arm_startup_nrf51.o(.text)
    POWER_CLOCK_IRQHandler                   0x00018119   Thumb Code     0  arm_startup_nrf51.o(.text)
    QDEC_IRQHandler                          0x00018119   Thumb Code     0  arm_startup_nrf51.o(.text)
    RADIO_IRQHandler                         0x00018119   Thumb Code     0  arm_startup_nrf51.o(.text)
    RNG_IRQHandler                           0x00018119   Thumb Code     0  arm_startup_nrf51.o(.text)
    RTC0_IRQHandler                          0x00018119   Thumb Code     0  arm_startup_nrf51.o(.text)
    SPI0_TWI0_IRQHandler                     0x00018119   Thumb Code     0  arm_startup_nrf51.o(.text)
    SPI1_TWI1_IRQHandler                     0x00018119   Thumb Code     0  arm_startup_nrf51.o(.text)
    SWI1_IRQHandler                          0x00018119   Thumb Code     0  arm_startup_nrf51.o(.text)
    SWI3_IRQHandler                          0x00018119   Thumb Code     0  arm_startup_nrf51.o(.text)
    SWI4_IRQHandler                          0x00018119   Thumb Code     0  arm_startup_nrf51.o(.text)
    SWI5_IRQHandler                          0x00018119   Thumb Code     0  arm_startup_nrf51.o(.text)
    TEMP_IRQHandler                          0x00018119   Thumb Code     0  arm_startup_nrf51.o(.text)
    TIMER0_IRQHandler                        0x00018119   Thumb Code     0  arm_startup_nrf51.o(.text)
    TIMER1_IRQHandler                        0x00018119   Thumb Code     0  arm_startup_nrf51.o(.text)
    TIMER2_IRQHandler                        0x00018119   Thumb Code     0  arm_startup_nrf51.o(.text)
    WDT_IRQHandler                           0x00018119   Thumb Code     0  arm_startup_nrf51.o(.text)
    __aeabi_uidiv                            0x0001812d   Thumb Code     0  uidiv.o(.text)
    __aeabi_uidivmod                         0x0001812d   Thumb Code    44  uidiv.o(.text)
    __aeabi_idiv                             0x00018159   Thumb Code     0  idiv.o(.text)
    __aeabi_idivmod                          0x00018159   Thumb Code    40  idiv.o(.text)
    __aeabi_memcpy                           0x00018181   Thumb Code    36  memcpya.o(.text)
    __aeabi_memcpy4                          0x00018181   Thumb Code     0  memcpya.o(.text)
    __aeabi_memcpy8                          0x00018181   Thumb Code     0  memcpya.o(.text)
    __aeabi_memset                           0x000181a5   Thumb Code    14  memseta.o(.text)
    __aeabi_memset4                          0x000181a5   Thumb Code     0  memseta.o(.text)
    __aeabi_memset8                          0x000181a5   Thumb Code     0  memseta.o(.text)
    __aeabi_memclr                           0x000181b3   Thumb Code     4  memseta.o(.text)
    __aeabi_memclr4                          0x000181b3   Thumb Code     0  memseta.o(.text)
    __aeabi_memclr8                          0x000181b3   Thumb Code     0  memseta.o(.text)
    _memset$wrapper                          0x000181b7   Thumb Code    18  memseta.o(.text)
    memcmp                                   0x000181c9   Thumb Code    26  memcmp.o(.text)
    __scatterload                            0x000181e5   Thumb Code    28  init.o(.text)
    __scatterload_rt2                        0x000181e5   Thumb Code     0  init.o(.text)
    ADC_IRQHandler                           0x00018209   Thumb Code    76  main.o(i.ADC_IRQHandler)
    GPIOTE_IRQHandler                        0x0001826d   Thumb Code   234  nrf_drv_gpiote.o(i.GPIOTE_IRQHandler)
    RTC1_IRQHandler                          0x000183b9   Thumb Code    28  app_timer.o(i.RTC1_IRQHandler)
    SWI0_IRQHandler                          0x000183d9   Thumb Code     8  app_timer.o(i.SWI0_IRQHandler)
    SWI2_IRQHandler                          0x000183e1   Thumb Code    32  softdevice_handler.o(i.SWI2_IRQHandler)
    SystemInit                               0x00018405   Thumb Code   130  system_nrf51.o(i.SystemInit)
    UART0_IRQHandler                         0x000184a5   Thumb Code   244  nrf_drv_uart.o(i.UART0_IRQHandler)
    __ARM_common_switch8                     0x000185a9   Thumb Code    26  bsp.o(i.__ARM_common_switch8)
    __scatterload_copy                       0x000185c3   Thumb Code    14  handlers.o(i.__scatterload_copy)
    __scatterload_null                       0x000185d1   Thumb Code     2  handlers.o(i.__scatterload_null)
    __scatterload_zeroinit                   0x000185d3   Thumb Code    14  handlers.o(i.__scatterload_zeroinit)
    adv_data_encode                          0x0001863d   Thumb Code   534  ble_advdata.o(i.adv_data_encode)
    app_button_enable                        0x00018b39   Thumb Code    32  app_button.o(i.app_button_enable)
    app_button_init                          0x00018b5d   Thumb Code   100  app_button.o(i.app_button_init)
    app_error_handler                        0x00018bd1   Thumb Code    18  app_error.o(i.app_error_handler)
    app_timer_create                         0x00018c45   Thumb Code    40  app_timer.o(i.app_timer_create)
    app_timer_init                           0x00018c71   Thumb Code   126  app_timer.o(i.app_timer_init)
    app_timer_start                          0x00018d01   Thumb Code   114  app_timer.o(i.app_timer_start)
    app_timer_stop                           0x00018d7d   Thumb Code    78  app_timer.o(i.app_timer_stop)
    ble_advdata_set                          0x00019001   Thumb Code   104  ble_advdata.o(i.ble_advdata_set)
    ble_bas_battery_level_update             0x00019069   Thumb Code   112  ble_bas.o(i.ble_bas_battery_level_update)
    ble_bas_init                             0x000190dd   Thumb Code    66  ble_bas.o(i.ble_bas_init)
    ble_bas_on_ble_evt                       0x00019125   Thumb Code    94  ble_bas.o(i.ble_bas_on_ble_evt)
    ble_conn_params_init                     0x00019185   Thumb Code    68  ble_conn_params.o(i.ble_conn_params_init)
    ble_conn_params_on_ble_evt               0x000191d9   Thumb Code   132  ble_conn_params.o(i.ble_conn_params_on_ble_evt)
    ble_ias_c_init                           0x00019319   Thumb Code    40  ble_ias_c.o(i.ble_ias_c_init)
    ble_ias_c_on_ble_evt                     0x00019349   Thumb Code   128  ble_ias_c.o(i.ble_ias_c_on_ble_evt)
    ble_ias_c_send_alert_level               0x000193cd   Thumb Code    48  ble_ias_c.o(i.ble_ias_c_send_alert_level)
    ble_ias_init                             0x000193fd   Thumb Code    46  ble_ias.o(i.ble_ias_init)
    ble_ias_on_ble_evt                       0x00019431   Thumb Code    52  ble_ias.o(i.ble_ias_on_ble_evt)
    ble_lls_alert_level_get                  0x00019465   Thumb Code    26  ble_lls.o(i.ble_lls_alert_level_get)
    ble_lls_init                             0x00019481   Thumb Code    56  ble_lls.o(i.ble_lls_init)
    ble_lls_on_ble_evt                       0x000194bd   Thumb Code    84  ble_lls.o(i.ble_lls_on_ble_evt)
    ble_srv_report_ref_encode                0x00019511   Thumb Code    12  ble_srv_common.o(i.ble_srv_report_ref_encode)
    ble_tps_init                             0x00019585   Thumb Code    38  ble_tps.o(i.ble_tps_init)
    ble_tps_on_ble_evt                       0x000195b1   Thumb Code    12  ble_tps.o(i.ble_tps_on_ble_evt)
    bond_data_load                           0x000195bd   Thumb Code    58  device_manager_peripheral.o(i.bond_data_load)
    bsp_btn_ble_init                         0x00019605   Thumb Code    80  bsp_btn_ble.o(i.bsp_btn_ble_init)
    bsp_btn_ble_on_ble_evt                   0x00019659   Thumb Code   114  bsp_btn_ble.o(i.bsp_btn_ble_on_ble_evt)
    bsp_btn_ble_sleep_mode_prepare           0x000196d1   Thumb Code    20  bsp_btn_ble.o(i.bsp_btn_ble_sleep_mode_prepare)
    bsp_button_is_pressed                    0x00019785   Thumb Code    34  bsp.o(i.bsp_button_is_pressed)
    bsp_event_to_button_action_assign        0x00019835   Thumb Code    66  bsp.o(i.bsp_event_to_button_action_assign)
    bsp_indication_set                       0x0001987d   Thumb Code    22  bsp.o(i.bsp_indication_set)
    bsp_init                                 0x00019899   Thumb Code   134  bsp.o(i.bsp_init)
    bsp_wakeup_buttons_set                   0x00019b31   Thumb Code    50  bsp.o(i.bsp_wakeup_buttons_set)
    dm_ble_evt_handler                       0x0001a2c9   Thumb Code   940  device_manager_peripheral.o(i.dm_ble_evt_handler)
    dm_handle_initialize                     0x0001a685   Thumb Code    22  device_manager_peripheral.o(i.dm_handle_initialize)
    dm_init                                  0x0001a6a1   Thumb Code   178  device_manager_peripheral.o(i.dm_init)
    dm_register                              0x0001a8c5   Thumb Code   104  device_manager_peripheral.o(i.dm_register)
    dm_whitelist_create                      0x0001a939   Thumb Code   168  device_manager_peripheral.o(i.dm_whitelist_create)
    intern_softdevice_events_execute         0x0001adcd   Thumb Code   124  softdevice_handler.o(i.intern_softdevice_events_execute)
    main                                     0x0001b0fd   Thumb Code   218  main.o(i.main)
    nrf_adc_configure                        0x0001b31d   Thumb Code    60  nrf_adc.o(i.nrf_adc_configure)
    nrf_drv_common_irq_enable                0x0001b37d   Thumb Code    78  nrf_drv_common.o(i.nrf_drv_common_irq_enable)
    nrf_drv_gpiote_in_event_enable           0x0001b3dd   Thumb Code   138  nrf_drv_gpiote.o(i.nrf_drv_gpiote_in_event_enable)
    nrf_drv_gpiote_in_init                   0x0001b47d   Thumb Code   146  nrf_drv_gpiote.o(i.nrf_drv_gpiote_in_init)
    nrf_drv_gpiote_in_is_set                 0x0001b521   Thumb Code    16  nrf_drv_gpiote.o(i.nrf_drv_gpiote_in_is_set)
    nrf_drv_gpiote_init                      0x0001b535   Thumb Code    76  nrf_drv_gpiote.o(i.nrf_drv_gpiote_init)
    nrf_drv_gpiote_is_init                   0x0001b589   Thumb Code    12  nrf_drv_gpiote.o(i.nrf_drv_gpiote_is_init)
    pstorage_access_status_get               0x0001b7c1   Thumb Code    30  pstorage.o(i.pstorage_access_status_get)
    pstorage_block_identifier_get            0x0001b7e9   Thumb Code    74  pstorage.o(i.pstorage_block_identifier_get)
    pstorage_clear                           0x0001b83d   Thumb Code   156  pstorage.o(i.pstorage_clear)
    pstorage_init                            0x0001b911   Thumb Code    68  pstorage.o(i.pstorage_init)
    pstorage_load                            0x0001b95d   Thumb Code   158  pstorage.o(i.pstorage_load)
    pstorage_register                        0x0001ba05   Thumb Code   180  pstorage.o(i.pstorage_register)
    pstorage_store                           0x0001bac1   Thumb Code   134  pstorage.o(i.pstorage_store)
    pstorage_sys_event_handler               0x0001bb51   Thumb Code    72  pstorage.o(i.pstorage_sys_event_handler)
    pstorage_update                          0x0001bb9d   Thumb Code   134  pstorage.o(i.pstorage_update)
    softdevice_assertion_handler             0x0001be95   Thumb Code    12  softdevice_handler.o(i.softdevice_assertion_handler)
    softdevice_ble_evt_handler_set           0x0001bea1   Thumb Code    16  softdevice_handler.o(i.softdevice_ble_evt_handler_set)
    softdevice_handler_init                  0x0001beb5   Thumb Code    40  softdevice_handler.o(i.softdevice_handler_init)
    softdevice_sys_evt_handler_set           0x0001bee5   Thumb Code    16  softdevice_handler.o(i.softdevice_sys_evt_handler_set)
    m_service_context_store                  0x0001c580   Data          16  device_manager_peripheral.o(.constdata)
    m_service_context_load                   0x0001c590   Data          16  device_manager_peripheral.o(.constdata)
    m_service_context_apply                  0x0001c5a0   Data          16  device_manager_peripheral.o(.constdata)
    Region$$Table$$Base                      0x0001c5e0   Number         0  anon$$obj.o(Region$$Table)
    Region$$Table$$Limit                     0x0001c600   Number         0  anon$$obj.o(Region$$Table)
    SystemCoreClock                          0x200020c4   Data           4  system_nrf51.o(.data)
    __initial_sp                             0x20002f00   Data           0  arm_startup_nrf51.o(STACK)



==============================================================================

Memory Map of the image

  Image Entry point : 0x000180c1

  Load Region LR_IROM1 (Base: 0x00018000, Size: 0x000046c8, Max: 0x00028000, ABSOLUTE)

    Execution Region ER_IROM1 (Base: 0x00018000, Size: 0x00004600, Max: 0x00028000, ABSOLUTE)

    Base Addr    Size         Type   Attr      Idx    E Section Name        Object

    0x00018000   0x000000c0   Data   RO         2215    RESET               arm_startup_nrf51.o
    0x000180c0   0x00000000   Code   RO         2257  * .ARM.Collect$$$$00000000  mc_p.l(entry.o)
    0x000180c0   0x00000004   Code   RO         2274    .ARM.Collect$$$$00000001  mc_p.l(entry2.o)
    0x000180c4   0x00000004   Code   RO         2277    .ARM.Collect$$$$00000004  mc_p.l(entry5.o)
    0x000180c8   0x00000000   Code   RO         2279    .ARM.Collect$$$$00000008  mc_p.l(entry7b.o)
    0x000180c8   0x00000000   Code   RO         2281    .ARM.Collect$$$$0000000A  mc_p.l(entry8b.o)
    0x000180c8   0x00000008   Code   RO         2282    .ARM.Collect$$$$0000000B  mc_p.l(entry9a.o)
    0x000180d0   0x00000000   Code   RO         2284    .ARM.Collect$$$$0000000D  mc_p.l(entry10a.o)
    0x000180d0   0x00000000   Code   RO         2286    .ARM.Collect$$$$0000000F  mc_p.l(entry11a.o)
    0x000180d0   0x00000004   Code   RO         2275    .ARM.Collect$$$$00002712  mc_p.l(entry2.o)
    0x000180d4   0x0000001e   Code   RO         1923    .emb_text           app_timer.o
    0x000180f2   0x00000002   PAD
    0x000180f4   0x00000038   Code   RO         2216    .text               arm_startup_nrf51.o
    0x0001812c   0x0000002c   Code   RO         2260    .text               mc_p.l(uidiv.o)
    0x00018158   0x00000028   Code   RO         2262    .text               mc_p.l(idiv.o)
    0x00018180   0x00000024   Code   RO         2264    .text               mc_p.l(memcpya.o)
    0x000181a4   0x00000024   Code   RO         2266    .text               mc_p.l(memseta.o)
    0x000181c8   0x0000001a   Code   RO         2270    .text               mc_p.l(memcmp.o)
    0x000181e2   0x00000002   PAD
    0x000181e4   0x00000024   Code   RO         2288    .text               mc_p.l(init.o)
    0x00018208   0x00000064   Code   RO            3    i.ADC_IRQHandler    main.o
    0x0001826c   0x00000108   Code   RO         1261    i.GPIOTE_IRQHandler  nrf_drv_gpiote.o
    0x00018374   0x00000044   Code   RO         1924    i.NVIC_SetPriority  app_timer.o
    0x000183b8   0x00000020   Code   RO         1925    i.RTC1_IRQHandler   app_timer.o
    0x000183d8   0x00000008   Code   RO         1926    i.SWI0_IRQHandler   app_timer.o
    0x000183e0   0x00000024   Code   RO         2151    i.SWI2_IRQHandler   softdevice_handler.o
    0x00018404   0x000000a0   Code   RO         2223    i.SystemInit        system_nrf51.o
    0x000184a4   0x00000104   Code   RO         1451    i.UART0_IRQHandler  nrf_drv_uart.o
    0x000185a8   0x0000001a   Code   RO          443    i.__ARM_common_switch8  bsp.o
    0x000185c2   0x0000000e   Code   RO         2292    i.__scatterload_copy  mc_p.l(handlers.o)
    0x000185d0   0x00000002   Code   RO         2293    i.__scatterload_null  mc_p.l(handlers.o)
    0x000185d2   0x0000000e   Code   RO         2294    i.__scatterload_zeroinit  mc_p.l(handlers.o)
    0x000185e0   0x0000005c   Code   RO            4    i.adc_configure     main.o
    0x0001863c   0x00000216   Code   RO          501    i.adv_data_encode   ble_advdata.o
    0x00018852   0x0000003c   Code   RO          464    i.advertising_buttons_configure  bsp_btn_ble.o
    0x0001888e   0x00000002   PAD
    0x00018890   0x0000005c   Code   RO            5    i.advertising_init  main.o
    0x000188ec   0x000000f8   Code   RO            6    i.advertising_start  main.o
    0x000189e4   0x00000084   Code   RO          668    i.alert_level_char_add  ble_ias.o
    0x00018a68   0x0000008c   Code   RO          731    i.alert_level_char_add  ble_lls.o
    0x00018af4   0x0000002c   Code   RO            7    i.alert_signal      main.o
    0x00018b20   0x00000018   Code   RO          349    i.alert_timer_handler  bsp.o
    0x00018b38   0x00000024   Code   RO         1843    i.app_button_enable  app_button.o
    0x00018b5c   0x00000074   Code   RO         1844    i.app_button_init   app_button.o
    0x00018bd0   0x0000001c   Code   RO         1900    i.app_error_handler  app_error.o
    0x00018bec   0x0000000c   Code   RO          826    i.app_evt_notify    device_manager_peripheral.o
    0x00018bf8   0x0000002c   Code   RO         1598    i.app_notify        pstorage.o
    0x00018c24   0x00000020   Code   RO         1599    i.app_notify_error_state_transit  pstorage.o
    0x00018c44   0x0000002c   Code   RO         1929    i.app_timer_create  app_timer.o
    0x00018c70   0x00000090   Code   RO         1930    i.app_timer_init    app_timer.o
    0x00018d00   0x0000007c   Code   RO         1931    i.app_timer_start   app_timer.o
    0x00018d7c   0x00000054   Code   RO         1932    i.app_timer_stop    app_timer.o
    0x00018dd0   0x00000068   Code   RO            9    i.bas_init          main.o
    0x00018e38   0x00000138   Code   RO          573    i.battery_level_char_add  ble_bas.o
    0x00018f70   0x00000084   Code   RO           10    i.battery_level_in_percent  main.o
    0x00018ff4   0x0000000c   Code   RO           11    i.battery_level_meas_timeout_handler  main.o
    0x00019000   0x00000068   Code   RO          502    i.ble_advdata_set   ble_advdata.o
    0x00019068   0x00000074   Code   RO          574    i.ble_bas_battery_level_update  ble_bas.o
    0x000190dc   0x00000048   Code   RO          575    i.ble_bas_init      ble_bas.o
    0x00019124   0x0000005e   Code   RO          576    i.ble_bas_on_ble_evt  ble_bas.o
    0x00019182   0x00000002   PAD
    0x00019184   0x00000054   Code   RO          609    i.ble_conn_params_init  ble_conn_params.o
    0x000191d8   0x00000090   Code   RO          610    i.ble_conn_params_on_ble_evt  ble_conn_params.o
    0x00019268   0x0000005e   Code   RO          503    i.ble_device_addr_encode  ble_advdata.o
    0x000192c6   0x00000002   PAD
    0x000192c8   0x00000050   Code   RO           12    i.ble_evt_dispatch  main.o
    0x00019318   0x00000030   Code   RO          697    i.ble_ias_c_init    ble_ias_c.o
    0x00019348   0x00000084   Code   RO          698    i.ble_ias_c_on_ble_evt  ble_ias_c.o
    0x000193cc   0x00000030   Code   RO          699    i.ble_ias_c_send_alert_level  ble_ias_c.o
    0x000193fc   0x00000034   Code   RO          670    i.ble_ias_init      ble_ias.o
    0x00019430   0x00000034   Code   RO          671    i.ble_ias_on_ble_evt  ble_ias.o
    0x00019464   0x0000001a   Code   RO          732    i.ble_lls_alert_level_get  ble_lls.o
    0x0001947e   0x00000002   PAD
    0x00019480   0x0000003c   Code   RO          733    i.ble_lls_init      ble_lls.o
    0x000194bc   0x00000054   Code   RO          734    i.ble_lls_on_ble_evt  ble_lls.o
    0x00019510   0x0000000c   Code   RO          761    i.ble_srv_report_ref_encode  ble_srv_common.o
    0x0001951c   0x00000068   Code   RO           13    i.ble_stack_init    main.o
    0x00019584   0x0000002c   Code   RO          795    i.ble_tps_init      ble_tps.o
    0x000195b0   0x0000000c   Code   RO          796    i.ble_tps_on_ble_evt  ble_tps.o
    0x000195bc   0x00000048   Code   RO          827    i.bond_data_load    device_manager_peripheral.o
    0x00019604   0x00000054   Code   RO          465    i.bsp_btn_ble_init  bsp_btn_ble.o
    0x00019658   0x00000078   Code   RO          466    i.bsp_btn_ble_on_ble_evt  bsp_btn_ble.o
    0x000196d0   0x00000014   Code   RO          467    i.bsp_btn_ble_sleep_mode_prepare  bsp_btn_ble.o
    0x000196e4   0x000000a0   Code   RO          350    i.bsp_button_event_handler  bsp.o
    0x00019784   0x0000002c   Code   RO          351    i.bsp_button_is_pressed  bsp.o
    0x000197b0   0x00000084   Code   RO           14    i.bsp_event_handler  main.o
    0x00019834   0x00000048   Code   RO          355    i.bsp_event_to_button_action_assign  bsp.o
    0x0001987c   0x0000001c   Code   RO          356    i.bsp_indication_set  bsp.o
    0x00019898   0x000000a0   Code   RO          358    i.bsp_init          bsp.o
    0x00019938   0x000001f8   Code   RO          359    i.bsp_led_indication  bsp.o
    0x00019b30   0x0000003c   Code   RO          360    i.bsp_wakeup_buttons_set  bsp.o
    0x00019b6c   0x0000000c   Code   RO          361    i.button_timer_handler  bsp.o
    0x00019b78   0x0000001c   Code   RO         1262    i.channel_free      nrf_drv_gpiote.o
    0x00019b94   0x00000048   Code   RO         1263    i.channel_port_alloc  nrf_drv_gpiote.o
    0x00019bdc   0x00000010   Code   RO         1264    i.channel_port_get  nrf_drv_gpiote.o
    0x00019bec   0x00000104   Code   RO         1600    i.clear_operation_execute  pstorage.o
    0x00019cf0   0x00000024   Code   RO         1601    i.clear_post_processing_run  pstorage.o
    0x00019d14   0x00000038   Code   RO         1602    i.cmd_process       pstorage.o
    0x00019d4c   0x00000020   Code   RO         1603    i.cmd_queue_element_init  pstorage.o
    0x00019d6c   0x0000004c   Code   RO         1604    i.cmd_queue_enqueue  pstorage.o
    0x00019db8   0x0000003c   Code   RO         1605    i.command_end_procedure_run  pstorage.o
    0x00019df4   0x000000a8   Code   RO         1934    i.compare_reg_update  app_timer.o
    0x00019e9c   0x00000088   Code   RO          504    i.conn_int_encode   ble_advdata.o
    0x00019f24   0x0000000c   Code   RO           15    i.conn_params_error_handler  main.o
    0x00019f30   0x00000068   Code   RO          612    i.conn_params_negotiation  ble_conn_params.o
    0x00019f98   0x00000030   Code   RO          828    i.connection_instance_find  device_manager_peripheral.o
    0x00019fc8   0x00000024   Code   RO          829    i.connection_instance_init  device_manager_peripheral.o
    0x00019fec   0x00000054   Code   RO         1606    i.data_page_erase_state_run  pstorage.o
    0x0001a040   0x00000028   Code   RO         1607    i.data_to_swap_write_state_run  pstorage.o
    0x0001a068   0x00000060   Code   RO         1846    i.detection_delay_timeout_handler  app_button.o
    0x0001a0c8   0x000000b0   Code   RO          830    i.device_context_store  device_manager_peripheral.o
    0x0001a178   0x00000054   Code   RO          831    i.device_instance_allocate  device_manager_peripheral.o
    0x0001a1cc   0x00000048   Code   RO          832    i.device_instance_find  device_manager_peripheral.o
    0x0001a214   0x0000002c   Code   RO          833    i.device_instance_free  device_manager_peripheral.o
    0x0001a240   0x00000012   Code   RO           16    i.device_manager_evt_handler  main.o
    0x0001a252   0x00000002   PAD
    0x0001a254   0x00000074   Code   RO           17    i.device_manager_init  main.o
    0x0001a2c8   0x000003bc   Code   RO          838    i.dm_ble_evt_handler  device_manager_peripheral.o
    0x0001a684   0x0000001c   Code   RO          844    i.dm_handle_initialize  device_manager_peripheral.o
    0x0001a6a0   0x000000c4   Code   RO          845    i.dm_init           device_manager_peripheral.o
    0x0001a764   0x00000160   Code   RO          848    i.dm_pstorage_cb_handler  device_manager_peripheral.o
    0x0001a8c4   0x00000074   Code   RO          849    i.dm_register       device_manager_peripheral.o
    0x0001a938   0x000000b4   Code   RO          855    i.dm_whitelist_create  device_manager_peripheral.o
    0x0001a9ec   0x00000040   Code   RO         1935    i.elapsed_ticks_acquire  app_timer.o
    0x0001aa2c   0x00000020   Code   RO         1608    i.flash_api_err_code_process  pstorage.o
    0x0001aa4c   0x00000080   Code   RO         1609    i.flash_operation_success_run  pstorage.o
    0x0001aacc   0x0000000a   Code   RO         1610    i.flash_page_erase  pstorage.o
    0x0001aad6   0x0000000a   Code   RO         1611    i.flash_write       pstorage.o
    0x0001aae0   0x00000074   Code   RO           18    i.gap_params_init   main.o
    0x0001ab54   0x00000004   Code   RO          856    i.gattc_context_apply  device_manager_peripheral.o
    0x0001ab58   0x00000004   Code   RO          857    i.gattc_context_load  device_manager_peripheral.o
    0x0001ab5c   0x00000004   Code   RO          858    i.gattc_context_store  device_manager_peripheral.o
    0x0001ab60   0x000000b4   Code   RO          859    i.gatts_context_apply  device_manager_peripheral.o
    0x0001ac14   0x00000030   Code   RO          860    i.gatts_context_load  device_manager_peripheral.o
    0x0001ac44   0x000000a8   Code   RO          861    i.gatts_context_store  device_manager_peripheral.o
    0x0001acec   0x00000008   Code   RO          862    i.gattsc_context_apply  device_manager_peripheral.o
    0x0001acf4   0x00000008   Code   RO          863    i.gattsc_context_load  device_manager_peripheral.o
    0x0001acfc   0x00000008   Code   RO          864    i.gattsc_context_store  device_manager_peripheral.o
    0x0001ad04   0x00000050   Code   RO         1847    i.gpiote_event_handler  app_button.o
    0x0001ad54   0x00000078   Code   RO         1612    i.head_restore_state_run  pstorage.o
    0x0001adcc   0x00000080   Code   RO         2152    i.intern_softdevice_events_execute  softdevice_handler.o
    0x0001ae4c   0x0000001c   Code   RO          613    i.is_conn_params_ok  ble_conn_params.o
    0x0001ae68   0x00000048   Code   RO         2224    i.is_manual_peripheral_setup_needed  system_nrf51.o
    0x0001aeb0   0x00000044   Code   RO         1613    i.is_page_erase_required  pstorage.o
    0x0001aef4   0x0000000c   Code   RO         1614    i.is_word_aligned   pstorage.o
    0x0001af00   0x00000054   Code   RO          505    i.le_role_encode    ble_advdata.o
    0x0001af54   0x00000018   Code   RO          362    i.leds_timer_handler  bsp.o
    0x0001af6c   0x000000bc   Code   RO         1936    i.list_deletions_handler  app_timer.o
    0x0001b028   0x000000d4   Code   RO         1937    i.list_insertions_handler  app_timer.o
    0x0001b0fc   0x000000f4   Code   RO           19    i.main              main.o
    0x0001b1f0   0x00000018   Code   RO         1615    i.main_state_err_busy_process  pstorage.o
    0x0001b208   0x00000068   Code   RO          506    i.manuf_specific_data_encode  ble_advdata.o
    0x0001b270   0x0000009e   Code   RO          507    i.name_encode       ble_advdata.o
    0x0001b30e   0x00000004   Code   RO          865    i.no_service_context_apply  device_manager_peripheral.o
    0x0001b312   0x00000004   Code   RO          866    i.no_service_context_load  device_manager_peripheral.o
    0x0001b316   0x00000004   Code   RO          867    i.no_service_context_store  device_manager_peripheral.o
    0x0001b31a   0x00000002   PAD
    0x0001b31c   0x00000040   Code   RO         1170    i.nrf_adc_configure  nrf_adc.o
    0x0001b35c   0x00000020   Code   RO         1172    i.nrf_adc_input_select  nrf_adc.o
    0x0001b37c   0x00000060   Code   RO         1235    i.nrf_drv_common_irq_enable  nrf_drv_common.o
    0x0001b3dc   0x000000a0   Code   RO         1267    i.nrf_drv_gpiote_in_event_enable  nrf_drv_gpiote.o
    0x0001b47c   0x000000a4   Code   RO         1268    i.nrf_drv_gpiote_in_init  nrf_drv_gpiote.o
    0x0001b520   0x00000014   Code   RO         1269    i.nrf_drv_gpiote_in_is_set  nrf_drv_gpiote.o
    0x0001b534   0x00000054   Code   RO         1271    i.nrf_drv_gpiote_init  nrf_drv_gpiote.o
    0x0001b588   0x00000010   Code   RO         1272    i.nrf_drv_gpiote_is_init  nrf_drv_gpiote.o
    0x0001b598   0x00000024   Code   RO         1284    i.nrf_gpio_cfg      nrf_drv_gpiote.o
    0x0001b5bc   0x00000020   Code   RO         1286    i.nrf_gpio_cfg_sense_set  nrf_drv_gpiote.o
    0x0001b5dc   0x00000014   Code   RO         1287    i.nrf_gpiote_event_is_set  nrf_drv_gpiote.o
    0x0001b5f0   0x0000000a   Code   RO         1465    i.nrf_uart_event_check  nrf_drv_uart.o
    0x0001b5fa   0x00000010   Code   RO         1466    i.nrf_uart_int_enable_check  nrf_drv_uart.o
    0x0001b60a   0x00000002   PAD
    0x0001b60c   0x00000034   Code   RO           20    i.on_bas_evt        main.o
    0x0001b640   0x00000084   Code   RO           21    i.on_ble_evt        main.o
    0x0001b6c4   0x00000054   Code   RO          700    i.on_char_disc_resp  ble_ias_c.o
    0x0001b718   0x00000020   Code   RO           22    i.on_ias_c_evt      main.o
    0x0001b738   0x00000010   Code   RO           23    i.on_ias_evt        main.o
    0x0001b748   0x00000010   Code   RO           24    i.on_lls_evt        main.o
    0x0001b758   0x00000038   Code   RO          868    i.peer_instance_init  device_manager_peripheral.o
    0x0001b790   0x00000018   Code   RO         1288    i.pin_in_use_by_port  nrf_drv_gpiote.o
    0x0001b7a8   0x00000018   Code   RO         1289    i.pin_in_use_by_te  nrf_drv_gpiote.o
    0x0001b7c0   0x00000028   Code   RO         1616    i.pstorage_access_status_get  pstorage.o
    0x0001b7e8   0x00000054   Code   RO         1617    i.pstorage_block_identifier_get  pstorage.o
    0x0001b83c   0x000000a4   Code   RO         1618    i.pstorage_clear    pstorage.o
    0x0001b8e0   0x00000024   Code   RO         1619    i.pstorage_flash_page_end  pstorage.o
    0x0001b904   0x0000000a   Code   RO         1620    i.pstorage_flash_page_size  pstorage.o
    0x0001b90e   0x00000002   PAD
    0x0001b910   0x0000004c   Code   RO         1621    i.pstorage_init     pstorage.o
    0x0001b95c   0x000000a8   Code   RO         1622    i.pstorage_load     pstorage.o
    0x0001ba04   0x000000bc   Code   RO         1623    i.pstorage_register  pstorage.o
    0x0001bac0   0x00000090   Code   RO         1624    i.pstorage_store    pstorage.o
    0x0001bb50   0x0000004c   Code   RO         1625    i.pstorage_sys_event_handler  pstorage.o
    0x0001bb9c   0x00000090   Code   RO         1626    i.pstorage_update   pstorage.o
    0x0001bc2c   0x00000044   Code   RO         1938    i.rtc1_stop         app_timer.o
    0x0001bc70   0x0000002c   Code   RO         1467    i.rx_byte           nrf_drv_uart.o
    0x0001bc9c   0x00000020   Code   RO         1468    i.rx_done_event     nrf_drv_uart.o
    0x0001bcbc   0x0000008e   Code   RO          508    i.service_data_encode  ble_advdata.o
    0x0001bd4a   0x0000000c   Code   RO           25    i.service_error_handler  main.o
    0x0001bd56   0x00000002   PAD
    0x0001bd58   0x000000c0   Code   RO           26    i.services_init     main.o
    0x0001be18   0x00000034   Code   RO           27    i.sleep_mode_enter  main.o
    0x0001be4c   0x00000048   Code   RO         1627    i.sm_state_change   pstorage.o
    0x0001be94   0x0000000c   Code   RO         2153    i.softdevice_assertion_handler  softdevice_handler.o
    0x0001bea0   0x00000014   Code   RO         2154    i.softdevice_ble_evt_handler_set  softdevice_handler.o
    0x0001beb4   0x00000030   Code   RO         2155    i.softdevice_handler_init  softdevice_handler.o
    0x0001bee4   0x00000014   Code   RO         2158    i.softdevice_sys_evt_handler_set  softdevice_handler.o
    0x0001bef8   0x00000064   Code   RO         1628    i.state_data_erase_swap_entry_run  pstorage.o
    0x0001bf5c   0x00000010   Code   RO         1629    i.state_erase_data_page_entry_run  pstorage.o
    0x0001bf6c   0x00000028   Code   RO         1630    i.state_restore_head_entry_run  pstorage.o
    0x0001bf94   0x0000004c   Code   RO         1631    i.state_restore_tail_entry_run  pstorage.o
    0x0001bfe0   0x00000020   Code   RO         1632    i.state_swap_erase_entry_run  pstorage.o
    0x0001c000   0x00000030   Code   RO         1633    i.state_write_data_swap_entry_run  pstorage.o
    0x0001c030   0x00000004   Code   RO          869    i.storage_operation_dummy_handler  device_manager_peripheral.o
    0x0001c034   0x0000005c   Code   RO         1634    i.store_cmd_flash_write_execute  pstorage.o
    0x0001c090   0x0000001c   Code   RO         1635    i.swap_erase_state_run  pstorage.o
    0x0001c0ac   0x00000018   Code   RO         1636    i.swap_sub_state_err_busy_process  pstorage.o
    0x0001c0c4   0x00000014   Code   RO         1637    i.swap_sub_state_state_change  pstorage.o
    0x0001c0d8   0x00000028   Code   RO           28    i.sys_evt_dispatch  main.o
    0x0001c100   0x0000001c   Code   RO         1638    i.tail_restore_state_run  pstorage.o
    0x0001c11c   0x00000084   Code   RO         1939    i.timer_list_handler  app_timer.o
    0x0001c1a0   0x00000010   Code   RO         1940    i.timer_list_handler_sched  app_timer.o
    0x0001c1b0   0x00000040   Code   RO         1941    i.timer_list_insert  app_timer.o
    0x0001c1f0   0x00000084   Code   RO         1942    i.timer_timeouts_check  app_timer.o
    0x0001c274   0x0000002c   Code   RO         1470    i.tx_byte           nrf_drv_uart.o
    0x0001c2a0   0x00000020   Code   RO         1471    i.tx_done_event     nrf_drv_uart.o
    0x0001c2c0   0x0000008c   Code   RO          798    i.tx_power_level_char_add  ble_tps.o
    0x0001c34c   0x0000000a   Code   RO          509    i.uint16_encode     ble_advdata.o
    0x0001c356   0x00000002   PAD
    0x0001c358   0x00000014   Code   RO          870    i.update_status_bit_reset  device_manager_peripheral.o
    0x0001c36c   0x00000064   Code   RO          614    i.update_timeout_handler  ble_conn_params.o
    0x0001c3d0   0x00000054   Code   RO         1943    i.user_id_get       app_timer.o
    0x0001c424   0x00000026   Code   RO         1944    i.user_op_alloc     app_timer.o
    0x0001c44a   0x00000030   Code   RO          510    i.uuid_list_encode  ble_advdata.o
    0x0001c47a   0x000000ae   Code   RO          511    i.uuid_list_sized_encode  ble_advdata.o
    0x0001c528   0x00000018   Data   RO           31    .constdata          main.o
    0x0001c540   0x0000003c   Data   RO          367    .constdata          bsp.o
    0x0001c57c   0x00000004   Data   RO          617    .constdata          ble_conn_params.o
    0x0001c580   0x00000030   Data   RO          872    .constdata          device_manager_peripheral.o
    0x0001c5b0   0x00000028   Data   RO         1640    .constdata          pstorage.o
    0x0001c5d8   0x00000008   Data   RO         1849    .constdata          app_button.o
    0x0001c5e0   0x00000020   Data   RO         2290    Region$$Table       anon$$obj.o


    Execution Region RW_IRAM1 (Base: 0x20002000, Size: 0x00000f00, Max: 0x00006000, ABSOLUTE)

    Base Addr    Size         Type   Attr      Idx    E Section Name        Object

    0x20002000   0x00000008   Data   RW           32    .data               main.o
    0x20002008   0x00000018   Data   RW          368    .data               bsp.o
    0x20002020   0x00000008   Data   RW          468    .data               bsp_btn_ble.o
    0x20002028   0x00000014   Data   RW          618    .data               ble_conn_params.o
    0x2000203c   0x00000004   Data   RW          701    .data               ble_ias_c.o
    0x20002040   0x00000018   Data   RW          874    .data               device_manager_peripheral.o
    0x20002058   0x00000024   Data   RW         1641    .data               pstorage.o
    0x2000207c   0x00000014   Data   RW         1850    .data               app_button.o
    0x20002090   0x00000020   Data   RW         1945    .data               app_timer.o
    0x200020b0   0x00000014   Data   RW         2159    .data               softdevice_handler.o
    0x200020c4   0x00000004   Data   RW         2225    .data               system_nrf51.o
    0x200020c8   0x00000020   Zero   RW           29    .bss                main.o
    0x200020e8   0x000002f4   Zero   RW           30    .bss                main.o
    0x200023dc   0x00000020   Zero   RW          363    .bss                bsp.o
    0x200023fc   0x00000020   Zero   RW          364    .bss                bsp.o
    0x2000241c   0x0000000c   Zero   RW          365    .bss                bsp.o
    0x20002428   0x00000020   Zero   RW          366    .bss                bsp.o
    0x20002448   0x00000020   Zero   RW          615    .bss                ble_conn_params.o
    0x20002468   0x0000001c   Zero   RW          616    .bss                ble_conn_params.o
    0x20002484   0x0000011f   Zero   RW          871    .bss                device_manager_peripheral.o
    0x200025a3   0x00000001   PAD
    0x200025a4   0x00000048   Zero   RW         1290    .bss                nrf_drv_gpiote.o
    0x200025ec   0x00000018   Zero   RW         1472    .bss                nrf_drv_uart.o
    0x20002604   0x000000d8   Zero   RW         1639    .bss                pstorage.o
    0x200026dc   0x00000020   Zero   RW         1848    .bss                app_button.o
    0x200026fc   0x00000004   PAD
    0x20002700   0x00000800   Zero   RW         2213    STACK               arm_startup_nrf51.o


==============================================================================

Image component sizes


      Code (inc. data)   RO Data    RW Data    ZI Data      Debug   Object Name

       328         34          8         20         32       9122   app_button.o
        28         10          0          0          0       7708   app_error.o
      1700        152          0         32          0      29291   app_timer.o
        56         18        192          0       2048        724   arm_startup_nrf51.o
      1588          6          0          0          0      19140   ble_advdata.o
       594         20          0          0          0      12715   ble_bas.o
       460         58          4         20         60       6756   ble_conn_params.o
       236         10          0          0          0       3416   ble_ias.o
       312         18          0          4          0       6541   ble_ias_c.o
       310         10          0          0          0       4550   ble_lls.o
        12          0          0          0          0       1468   ble_srv_common.o
       196         12          0          0          0       3084   ble_tps.o
      1114        118         60         24        108      10189   bsp.o
       284         10          0          8          0       4741   bsp_btn_ble.o
      2896        200         48         24        287      33791   device_manager_peripheral.o
      2190        220         24          8        788     119504   main.o
        96          8          0          0          0       4024   nrf_adc.o
        96         18          0          0          0       8460   nrf_drv_common.o
       960        128          0          0         72      22192   nrf_drv_gpiote.o
       438         54          0          0         24      13011   nrf_drv_uart.o
      2830        262         40         36        216      38358   pstorage.o
       264         24          0         20          0       6808   softdevice_handler.o
       232         36          0          4          0       2407   system_nrf51.o

    ----------------------------------------------------------------------
     17242       1426        408        200       3640     368000   Object Totals
         0          0         32          0          0          0   (incl. Generated)
        22          0          0          0          5          0   (incl. Padding)

    ----------------------------------------------------------------------

      Code (inc. data)   RO Data    RW Data    ZI Data      Debug   Library Member Name

         0          0          0          0          0          0   entry.o
         0          0          0          0          0          0   entry10a.o
         0          0          0          0          0          0   entry11a.o
         8          4          0          0          0          0   entry2.o
         4          0          0          0          0          0   entry5.o
         0          0          0          0          0          0   entry7b.o
         0          0          0          0          0          0   entry8b.o
         8          4          0          0          0          0   entry9a.o
        30          0          0          0          0          0   handlers.o
        40          0          0          0          0         72   idiv.o
        36          8          0          0          0         68   init.o
        26          0          0          0          0         72   memcmp.o
        36          0          0          0          0         60   memcpya.o
        36          0          0          0          0        100   memseta.o
        44          0          0          0          0         72   uidiv.o

    ----------------------------------------------------------------------
       270         16          0          0          0        444   Library Totals
         2          0          0          0          0          0   (incl. Padding)

    ----------------------------------------------------------------------

      Code (inc. data)   RO Data    RW Data    ZI Data      Debug   Library Name

       268         16          0          0          0        444   mc_p.l

    ----------------------------------------------------------------------
       270         16          0          0          0        444   Library Totals

    ----------------------------------------------------------------------

==============================================================================


      Code (inc. data)   RO Data    RW Data    ZI Data      Debug   

     17512       1442        408        200       3640     359744   Grand Totals
     17512       1442        408        200       3640     359744   ELF Image Totals
     17512       1442        408        200          0          0   ROM Totals

==============================================================================

    Total RO  Size (Code + RO Data)                17920 (  17.50kB)
    Total RW  Size (RW Data + ZI Data)              3840 (   3.75kB)
    Total ROM Size (Code + RO Data + RW Data)      18120 (  17.70kB)

==============================================================================

